Timestamp: Sun Apr 14 17:21:23 EEST 2024
CPU Usage:
Linux 5.15.146.1-microsoft-standard-WSL2 (A1234Z) 	04/14/24 	_x86_64_	(4 CPU)

17:21:23     CPU    %usr   %nice    %sys %iowait    %irq   %soft  %steal  %guest  %gnice   %idle
17:21:24     all   14.32    0.00   31.16    0.25    0.00    0.00    0.00    0.00    0.00   54.27
Average:     all   14.32    0.00   31.16    0.25    0.00    0.00    0.00    0.00    0.00   54.27
Memory Usage:
               total        used        free      shared  buff/cache   available
Mem:            15Gi       870Mi       9.8Gi       4.0Mi       4.9Gi        14Gi
Swap:          4.0Gi          0B       4.0Gi
Disk Usage:
Filesystem      Size  Used Avail Use% Mounted on
none            7.8G  4.0K  7.8G   1% /mnt/wsl
none            931G  565G  366G  61% /usr/lib/wsl/drivers
none            7.8G     0  7.8G   0% /usr/lib/modules
none            7.8G     0  7.8G   0% /usr/lib/modules/5.15.146.1-microsoft-standard-WSL2
/dev/sdc        251G  6.0G  233G   3% /
none            7.8G  932K  7.8G   1% /mnt/wslg
none            7.8G     0  7.8G   0% /usr/lib/wsl/lib
rootfs          7.8G  1.9M  7.8G   1% /init
none            7.8G  828K  7.8G   1% /run
none            7.8G     0  7.8G   0% /run/lock
none            7.8G     0  7.8G   0% /run/shm
tmpfs           4.0M     0  4.0M   0% /sys/fs/cgroup
none            7.8G   76K  7.8G   1% /mnt/wslg/versions.txt
none            7.8G   76K  7.8G   1% /mnt/wslg/doc
C:\             931G  565G  366G  61% /mnt/c
D:\             1.9T  773G  1.1T  42% /mnt/d
snapfuse        128K  128K     0 100% /snap/bare/5
snapfuse        131M  131M     0 100% /snap/ubuntu-desktop-installer/1284
snapfuse         92M   92M     0 100% /snap/gtk-common-themes/1535
snapfuse         75M   75M     0 100% /snap/core22/1033
snapfuse         41M   41M     0 100% /snap/snapd/20671
snapfuse        132M  132M     0 100% /snap/ubuntu-desktop-installer/1286
snapfuse         40M   40M     0 100% /snap/snapd/21184
snapfuse         75M   75M     0 100% /snap/core22/1122
